<component name="libraryTable">
  <library name="SBT: com.googlecode.kiama:kiama_2.9.1:1.2.0:test">
    <CLASSES>
      <root url="jar://$USER_HOME$/.ivy2/cache/com.googlecode.kiama/kiama_2.9.1/jars/kiama_2.9.1-1.2.0.jar!/"></root>
      <root url="jar://$USER_HOME$/.ivy2/cache/com.googlecode.kiama/kiama_2.9.1/jars/kiama_2.9.1-1.2.0-test.jar!/"></root>
    </CLASSES>
    <JAVADOC>
      <root url="jar://$USER_HOME$/.ivy2/cache/com.googlecode.kiama/kiama_2.9.1/docs/kiama_2.9.1-1.2.0-javadoc.jar!/"></root>
    </JAVADOC>
    <SOURCES>
      <root url="jar://$USER_HOME$/.ivy2/cache/com.googlecode.kiama/kiama_2.9.1/srcs/kiama_2.9.1-1.2.0-sources.jar!/"></root>
    </SOURCES>
  </library>
</component>
