<module version="4" type="JAVA_MODULE">
  <component name="FacetManager">
    <facet name="Scala" type="scala">
      <configuration>
        <option name="compilerLibraryLevel" value="Project"></option>
        <option name="compilerLibraryName" value="SBT: scala:2.10.2"></option>
        <option name="languageLevel" value="Scala 2.10" />
        <option name="fsc" value="true" />
        <option name="compilerOptions" value="" />
      </configuration>
    </facet>
  </component>
  <component name="NewModuleRootManager" inherit-compiler-output="false">
    <output url="file://$MODULE_DIR$/../target/scala-2.10/classes"></output>
    <output-test url="file://$MODULE_DIR$/../target/scala-2.10/test-classes"></output-test>
    <exclude-output></exclude-output>
    <content url="file://$MODULE_DIR$/../">
      <sourceFolder url="file://$MODULE_DIR$/../src/main/scala" isTestSource="false"></sourceFolder>
      <sourceFolder url="file://$MODULE_DIR$/../src/main/java" isTestSource="false"></sourceFolder>
      <sourceFolder url="file://$MODULE_DIR$/../src/main/resources" isTestSource="false"></sourceFolder>
      <sourceFolder url="file://$MODULE_DIR$/../src/test/scala" isTestSource="true"></sourceFolder>
      <sourceFolder url="file://$MODULE_DIR$/../src/test/java" isTestSource="true"></sourceFolder>
      <sourceFolder url="file://$MODULE_DIR$/../src/test/resources" isTestSource="true"></sourceFolder>
      <excludeFolder url="file://$MODULE_DIR$/../target"></excludeFolder>
    </content>
    <orderEntry type="inheritedJdk"></orderEntry>
    <orderEntry type="sourceFolder" forTests="false"></orderEntry>
    <orderEntry level="project" name="SBT: org.scala-lang:scala-library:2.10.2" type="library"></orderEntry>
    <orderEntry level="project" scope="TEST" name="SBT: com.googlecode.kiama:kiama_2.9.1:1.2.0:test" type="library"></orderEntry>
    <orderEntry level="project" name="SBT: com.googlecode.kiama:kiama_2.9.1:1.2.0" type="library"></orderEntry>
  </component>
</module>
