<component name="libraryTable">
  <library name="SBT: scala:2.10.2">
    <CLASSES>
      <root url="jar://$PROJECT_DIR$/global/boot/scala-2.10.2/lib/scala-library.jar!/"></root>
      <root url="jar://$PROJECT_DIR$/global/boot/scala-2.10.2/lib/scala-compiler.jar!/"></root>
      <root url="jar://$PROJECT_DIR$/global/boot/scala-2.10.2/lib/scala-reflect.jar!/"></root>
    </CLASSES>
    <JAVADOC />
    <SOURCES />
  </library>
</component>
