<module type="JAVA_MODULE" version="4">
 <component name="FacetManager">
   <facet type="scala" name="Scala">
     <configuration>
       <option value="Project" name="compilerLibraryLevel"></option>
       <option value="SBT: scala:2.10.2" name="compilerLibraryName"></option>
       <option value="Scala 2.10" name="languageLevel"></option>
       <option value="true" name="fsc"></option>
       <option value="true" name="uncheckedWarnings"></option>
       <option value="" name="compilerOptions"></option>
     </configuration>
   </facet>
 </component>
 <component inherit-compiler-output="false" name="NewModuleRootManager">
   <output url="file://$MODULE_DIR$/../target/scala-2.10/classes"></output>
   <output-test url="file://$MODULE_DIR$/../target/scala-2.10/test-classes"></output-test>
   <exclude-output></exclude-output>
   <content url="file://$MODULE_DIR$/../">
     <sourceFolder isTestSource="false" url="file://$MODULE_DIR$/../src/main/scala" ></sourceFolder>
     <sourceFolder isTestSource="false" url="file://$MODULE_DIR$/../src/main/java" ></sourceFolder>
     <sourceFolder isTestSource="false" url="file://$MODULE_DIR$/../src/main/resources" ></sourceFolder>
     <sourceFolder isTestSource="true" url="file://$MODULE_DIR$/../src/test/scala" ></sourceFolder>
     <sourceFolder isTestSource="true" url="file://$MODULE_DIR$/../src/test/java" ></sourceFolder>
     <sourceFolder isTestSource="true" url="file://$MODULE_DIR$/../src/test/resources" ></sourceFolder>
     <excludeFolder url="file://$MODULE_DIR$/../target"></excludeFolder>
   </content>
   <orderEntry type="inheritedJdk"></orderEntry>
   <orderEntry type="sourceFolder" forTests="false"></orderEntry>
   <orderEntry level="project" name="SBT: org.scala-lang:scala-library:2.10.2" type="library"></orderEntry>
   <orderEntry type="module" module-name="dependency-root" exported=""></orderEntry>
 </component>
</module>
