<module version="4" type="JAVA_MODULE">
  <component name="FacetManager">
    <facet name="Scala" type="scala">
      <configuration>
        <option name="compilerLibraryLevel" value="Project"></option>
        <option name="compilerLibraryName" value="SBT: scala:2.9.2"></option>
        <option name="fsc" value="true" />
        <option name="deprecationWarnings" value="true" />
        <option name="uncheckedWarnings" value="true" />
        <option name="compilerOptions" value="-unchecked -deprecation"/>
      </configuration>
    </facet>
  </component>
  <component name="NewModuleRootManager" inherit-compiler-output="false">
    <output url="file://$MODULE_DIR$/../target/scala-2.9.2/classes"></output>
    <output-test url="file://$MODULE_DIR$/../target/scala-2.9.2/test-classes"></output-test>
    <exclude-output></exclude-output>
    <content url="file:///tmp/sbt_/simple-project">
      <sourceFolder url="file://$MODULE_DIR$/../src/main/scala" isTestSource="false"></sourceFolder>
      <sourceFolder url="file://$MODULE_DIR$/../src/main/java" isTestSource="false"></sourceFolder>
      <sourceFolder url="file://$MODULE_DIR$/../src/main/resources" isTestSource="false"></sourceFolder>
      <sourceFolder url="file://$MODULE_DIR$/../src/test/scala" isTestSource="true"></sourceFolder>
      <sourceFolder url="file://$MODULE_DIR$/../src/test/java" isTestSource="true"></sourceFolder>
      <sourceFolder url="file://$MODULE_DIR$/../src/test/resources" isTestSource="true"></sourceFolder>
      <excludeFolder url="file://$MODULE_DIR$/../target"></excludeFolder>
    </content>
    <orderEntry type="inheritedJdk"></orderEntry>
    <orderEntry type="sourceFolder" forTests="false"></orderEntry>
    <orderEntry level="project" name="SBT: org.scala-lang:scala-library:2.9.2" type="library"></orderEntry>
    <orderEntry level="project" name="SBT: junit:junit:4.8.2" type="library"></orderEntry>
    <orderEntry scope="PROVIDED" level="project" name="SBT: javax.servlet:servlet-api:2.5:provided" type="library"></orderEntry>
    <orderEntry scope="TEST" level="project" name="SBT: org.eclipse.jetty:jetty-server:7.0.0.v20091005:test" type="library"></orderEntry>
    <orderEntry scope="TEST" level="project" name="SBT: org.eclipse.jetty:jetty-continuation:7.0.0.v20091005:test" type="library"></orderEntry>
    <orderEntry scope="TEST" level="project" name="SBT: org.eclipse.jetty:jetty-http:7.0.0.v20091005:test" type="library"></orderEntry>
    <orderEntry scope="TEST" level="project" name="SBT: org.eclipse.jetty:jetty-io:7.0.0.v20091005:test" type="library"></orderEntry>
    <orderEntry scope="TEST" level="project" name="SBT: org.eclipse.jetty:jetty-util:7.0.0.v20091005:test" type="library"></orderEntry>
  </component>
</module>
